2026-06-04 07:33:12 - INFO - ============================================================
2026-06-04 07:33:12 - INFO - Starting time series processing
2026-06-04 07:33:12 - INFO - ============================================================
2026-06-04 07:33:12 - INFO - Found 7 time points
2026-06-04 07:33:12 - INFO - ------------------------------------------------------------
2026-06-04 07:33:12 - INFO - Processing 1/7: 2026-06-01 12:00
2026-06-04 07:33:12 - INFO - [20260601_1200] Skipping alignment, using resize
2026-06-04 07:33:12 - INFO - [20260601_1200] Segmentation complete, threshold: 179.17, canopy pixels: 80764
2026-06-04 07:33:12 - INFO - [20260601_1200] CWSI computed: Tdry=42.76°C, Twet=22.47°C
2026-06-04 07:33:13 - INFO - [20260601_1200] Output saved: mean_cwsi=0.5136
2026-06-04 07:33:13 - ERROR -   ✗ Processing failed: 19 values for 18 columns
2026-06-04 12:35:05 - INFO - ============================================================
2026-06-04 12:35:05 - INFO - Starting time series processing
2026-06-04 12:35:05 - INFO - ============================================================
2026-06-04 12:35:05 - INFO - Found 7 time points
2026-06-04 12:35:05 - INFO - ------------------------------------------------------------
2026-06-04 12:35:05 - INFO - Processing 1/7: 2026-06-01 12:00
2026-06-04 12:35:05 - INFO - [20260601_1200] Skipping alignment, using resize
2026-06-04 12:35:05 - INFO - [20260601_1200] Segmentation complete, threshold: 179.17, canopy pixels: 80764
2026-06-04 12:35:05 - INFO - [20260601_1200] CWSI computed: Tdry=42.76°C, Twet=22.47°C
2026-06-04 12:35:08 - INFO - [20260601_1200] Output saved: mean_cwsi=0.5136
2026-06-04 12:35:08 - INFO -   ✓ Processed successfully (mean_cwsi=0.5136)
2026-06-04 12:35:08 - INFO - ------------------------------------------------------------
2026-06-04 12:35:08 - INFO - Processing 2/7: 2026-06-02 12:00
2026-06-04 12:35:09 - INFO - [20260602_1200] Skipping alignment, using resize
2026-06-04 12:35:09 - INFO - [20260602_1200] Segmentation complete, threshold: 151.94, canopy pixels: 86916
2026-06-04 12:35:09 - INFO - [20260602_1200] CWSI computed: Tdry=44.87°C, Twet=22.90°C
2026-06-04 12:35:12 - INFO - [20260602_1200] Output saved: mean_cwsi=0.5450
2026-06-04 12:35:12 - INFO -   ✓ Processed successfully (mean_cwsi=0.5450)
2026-06-04 12:35:12 - INFO - ------------------------------------------------------------
2026-06-04 12:35:12 - INFO - Processing 3/7: 2026-06-03 12:00
2026-06-04 12:35:12 - INFO - [20260603_1200] Skipping alignment, using resize
2026-06-04 12:35:12 - INFO - [20260603_1200] Segmentation complete, threshold: 184.28, canopy pixels: 99140
2026-06-04 12:35:12 - INFO - [20260603_1200] CWSI computed: Tdry=43.23°C, Twet=22.94°C
2026-06-04 12:35:16 - INFO - [20260603_1200] Output saved: mean_cwsi=0.4686
2026-06-04 12:35:16 - INFO -   ✓ Processed successfully (mean_cwsi=0.4686)
2026-06-04 12:35:16 - INFO - ------------------------------------------------------------
2026-06-04 12:35:16 - INFO - Processing 4/7: 2026-06-04 12:00
2026-06-04 12:35:16 - WARNING -   Skipping - Missing files: visible, meteo
2026-06-04 12:35:16 - INFO - ------------------------------------------------------------
2026-06-04 12:35:16 - INFO - Processing 5/7: 2026-06-05 12:00
2026-06-04 12:35:17 - INFO - [20260605_1200] Skipping alignment, using resize
2026-06-04 12:35:17 - INFO - [20260605_1200] Segmentation complete, threshold: 196.80, canopy pixels: 73839
2026-06-04 12:35:17 - INFO - [20260605_1200] CWSI computed: Tdry=45.59°C, Twet=20.59°C
2026-06-04 12:35:20 - INFO - [20260605_1200] Output saved: mean_cwsi=0.5162
2026-06-04 12:35:20 - INFO -   ✓ Processed successfully (mean_cwsi=0.5162)
2026-06-04 12:35:20 - INFO - ------------------------------------------------------------
2026-06-04 12:35:20 - INFO - Processing 6/7: 2026-06-06 12:00
2026-06-04 12:35:20 - INFO - [20260606_1200] Skipping alignment, using resize
2026-06-04 12:35:20 - INFO - [20260606_1200] Segmentation complete, threshold: 101.70, canopy pixels: 95329
2026-06-04 12:35:20 - INFO - [20260606_1200] CWSI computed: Tdry=44.66°C, Twet=21.16°C
2026-06-04 12:35:24 - INFO - [20260606_1200] Output saved: mean_cwsi=0.5127
2026-06-04 12:35:24 - INFO -   ✓ Processed successfully (mean_cwsi=0.5127)
2026-06-04 12:35:24 - INFO - ------------------------------------------------------------
2026-06-04 12:35:24 - INFO - Processing 7/7: 2026-06-07 12:00
2026-06-04 12:35:24 - INFO - [20260607_1200] Skipping alignment, using resize
2026-06-04 12:35:24 - INFO - [20260607_1200] Segmentation complete, threshold: 88.57, canopy pixels: 116830
2026-06-04 12:35:24 - INFO - [20260607_1200] CWSI computed: Tdry=44.39°C, Twet=23.03°C
2026-06-04 12:35:27 - INFO - [20260607_1200] Output saved: mean_cwsi=0.4702
2026-06-04 12:35:27 - INFO -   ✓ Processed successfully (mean_cwsi=0.4702)
2026-06-04 12:35:27 - INFO - 
2026-06-04 12:35:27 - INFO - ============================================================
2026-06-04 12:35:27 - INFO - Time series processing complete
2026-06-04 12:35:27 - INFO - ============================================================
2026-06-04 12:35:27 - INFO - Total time points: 7
2026-06-04 12:35:27 - INFO - Successfully processed: 6
2026-06-04 12:35:27 - INFO - Skipped/Failed: 1
2026-06-04 12:35:27 - INFO - Cache hits: 0
2026-06-04 12:35:27 - INFO - Cache misses: 6
2026-06-04 12:35:27 - INFO - Success rate: 85.7%
2026-06-04 12:35:27 - INFO - ============================================================
2026-06-04 12:35:54 - INFO - ============================================================
2026-06-04 12:35:54 - INFO - Starting time series processing
2026-06-04 12:35:54 - INFO - ============================================================
2026-06-04 12:35:54 - INFO - Found 7 time points
2026-06-04 12:35:54 - INFO - ------------------------------------------------------------
2026-06-04 12:35:54 - INFO - Processing 1/7: 2026-06-01 12:00
2026-06-04 12:35:54 - INFO -   ✓ Loaded from cache (mean_cwsi=0.5136)
2026-06-04 12:35:54 - INFO - ------------------------------------------------------------
2026-06-04 12:35:54 - INFO - Processing 2/7: 2026-06-02 12:00
2026-06-04 12:35:54 - INFO -   ✓ Loaded from cache (mean_cwsi=0.5450)
2026-06-04 12:35:54 - INFO - ------------------------------------------------------------
2026-06-04 12:35:54 - INFO - Processing 3/7: 2026-06-03 12:00
2026-06-04 12:35:54 - INFO -   ✓ Loaded from cache (mean_cwsi=0.4686)
2026-06-04 12:35:54 - INFO - ------------------------------------------------------------
2026-06-04 12:35:54 - INFO - Processing 4/7: 2026-06-04 12:00
2026-06-04 12:35:54 - WARNING -   Skipping - Missing files: visible, meteo
2026-06-04 12:35:54 - INFO - ------------------------------------------------------------
2026-06-04 12:35:54 - INFO - Processing 5/7: 2026-06-05 12:00
2026-06-04 12:35:54 - INFO -   ✓ Loaded from cache (mean_cwsi=0.5162)
2026-06-04 12:35:54 - INFO - ------------------------------------------------------------
2026-06-04 12:35:54 - INFO - Processing 6/7: 2026-06-06 12:00
2026-06-04 12:35:54 - INFO -   ✓ Loaded from cache (mean_cwsi=0.5127)
2026-06-04 12:35:54 - INFO - ------------------------------------------------------------
2026-06-04 12:35:54 - INFO - Processing 7/7: 2026-06-07 12:00
2026-06-04 12:35:54 - INFO -   ✓ Loaded from cache (mean_cwsi=0.4702)
2026-06-04 12:35:54 - INFO - 
2026-06-04 12:35:54 - INFO - ============================================================
2026-06-04 12:35:54 - INFO - Time series processing complete
2026-06-04 12:35:54 - INFO - ============================================================
2026-06-04 12:35:54 - INFO - Total time points: 7
2026-06-04 12:35:54 - INFO - Successfully processed: 6
2026-06-04 12:35:54 - INFO - Skipped/Failed: 1
2026-06-04 12:35:54 - INFO - Cache hits: 6
2026-06-04 12:35:54 - INFO - Cache misses: 0
2026-06-04 12:35:54 - INFO - Success rate: 85.7%
2026-06-04 12:35:54 - INFO - ============================================================
